// Jest Snapshot v1, https://goo.gl/fbAQLP

exports[`Keyboard component renders correctly 1`] = `
<Text
  accessible={true}
  allowFontScaling={true}
  ellipsizeMode="tail"
  style={
    Object {
      "color": "rgba(255,255,255,0.87)",
      "fontSize": 18,
      "textAlign": "center",
    }
  }
>
  test
</Text>
`;
